
C:\dev\node\awesomeapp\local_package.csx\roles\WebRole1\approot\bin>cd /d "C:\dev\node\awesomeapp\local_package.csx\roles\WebRole1\approot\bin\" 

C:\dev\node\awesomeapp\local_package.csx\roles\WebRole1\approot\bin>if "true" == "true" if DEFINED APPCMD goto emulator_setup 

C:\dev\node\awesomeapp\local_package.csx\roles\WebRole1\approot\bin>echo Running in emulator adding iisnode to application host config 
Running in emulator adding iisnode to application host config

C:\dev\node\awesomeapp\local_package.csx\roles\WebRole1\approot\bin>FOR /F "tokens=1,2 delims=/" %a in (""C:\Program Files\IIS Express\appcmd.exe" /apphostconfig:"C:\Users\Martijn\AppData\Local\dftmp\Resources\81a907e4-e525-47b3-8123-4d9aeb6499c9\temp\temp\RoleTemp\applicationHost.config" ") DO set FN=%a  & set OPN=%b 

C:\dev\node\awesomeapp\local_package.csx\roles\WebRole1\approot\bin>set FN="C:\Program Files\IIS Express\appcmd.exe"   & set OPN=apphostconfig:"C:\Users\Martijn\AppData\Local\dftmp\Resources\81a907e4-e525-47b3-8123-4d9aeb6499c9\temp\temp\RoleTemp\applicationHost.config"  

C:\dev\node\awesomeapp\local_package.csx\roles\WebRole1\approot\bin>if "apphostconfig:"C:\Users\Martijn\AppData\Local\dftmp\Resources\81a907e4-e525-47b3-8123-4d9aeb6499c9\temp\temp\RoleTemp\applicationHost.config" " == ""C:\Users\Martijn\AppData\Local\dftmp\Resources\81a907e4-e525-47b3-8123-4d9aeb6499c9\temp\temp\RoleTemp\applicationHost.config" " (
echo "Could not parse appcmd '"C:\Program Files\IIS Express\appcmd.exe" /apphostconfig:"C:\Users\Martijn\AppData\Local\dftmp\Resources\81a907e4-e525-47b3-8123-4d9aeb6499c9\temp\temp\RoleTemp\applicationHost.config"  for configuration file, exiting"  
 goto error 
) 

C:\dev\node\awesomeapp\local_package.csx\roles\WebRole1\approot\bin>set IISNODE_BINARY_DIRECTORY=C:\Program Files (x86)\iisnode-dev\release\x64 

C:\dev\node\awesomeapp\local_package.csx\roles\WebRole1\approot\bin>set IISNODE_SCHEMA=C:\Program Files (x86)\iisnode-dev\release\x64\iisnode_schema.xml 

C:\dev\node\awesomeapp\local_package.csx\roles\WebRole1\approot\bin>if "AMD64" == "AMD64" goto start 

C:\dev\node\awesomeapp\local_package.csx\roles\WebRole1\approot\bin>set
ALLUSERSPROFILE=C:\ProgramData
APPCMD="C:\Program Files\IIS Express\appcmd.exe" /apphostconfig:"C:\Users\Martijn\AppData\Local\dftmp\Resources\81a907e4-e525-47b3-8123-4d9aeb6499c9\temp\temp\RoleTemp\applicationHost.config" 
APPDATA=C:\Users\Martijn\AppData\Roaming
asl.log=Destination=file
AZURE_DRIVE_DEV_PATH=C:\Users\Martijn\AppData\Local\dftmp\wadd
CommonProgramFiles=C:\Program Files\Common Files
CommonProgramFiles(x86)=C:\Program Files (x86)\Common Files
CommonProgramW6432=C:\Program Files\Common Files
COMPUTERNAME=MHSURFACE
ComSpec=C:\WINDOWS\system32\cmd.exe
DiagnosticStore=C:\Users\Martijn\AppData\Local\dftmp\Resources\81a907e4-e525-47b3-8123-4d9aeb6499c9\directory\DiagnosticStore\
EMULATED=true
FN="C:\Program Files\IIS Express\appcmd.exe" 
HOMEDRIVE=C:
HOMEPATH=\Users\Martijn
IISNODE_BINARY_DIRECTORY=C:\Program Files (x86)\iisnode-dev\release\x64
IISNODE_SCHEMA=C:\Program Files (x86)\iisnode-dev\release\x64\iisnode_schema.xml
JAVA_HOME=C:\Program Files\Java\jdk1.7.0_21
LOCALAPPDATA=C:\Users\Martijn\AppData\Local
LOGONSERVER=\\MicrosoftAccount
MONITORING_SESSION_NAME=devFabric.mainSession
NUMBER_OF_PROCESSORS=4
OPN=apphostconfig:"C:\Users\Martijn\AppData\Local\dftmp\Resources\81a907e4-e525-47b3-8123-4d9aeb6499c9\temp\temp\RoleTemp\applicationHost.config" 
OS=Windows_NT
PATHEXT=.COM;.EXE;.BAT;.CMD;.VBS;.VBE;.JS;.JSE;.WSF;.WSH;.MSC
PROCESSOR_ARCHITECTURE=AMD64
PROCESSOR_IDENTIFIER=Intel64 Family 6 Model 69 Stepping 1, GenuineIntel
PROCESSOR_LEVEL=6
PROCESSOR_REVISION=4501
ProgramData=C:\ProgramData
ProgramFiles=C:\Program Files
ProgramFiles(x86)=C:\Program Files (x86)
ProgramW6432=C:\Program Files
PROMPT=$P$G
PSExecutionPolicyPreference=RemoteSigned
PSModulePath=C:\WINDOWS\system32\WindowsPowerShell\v1.0\Modules\;C:\Program Files (x86)\Microsoft SDKs\Azure\PowerShell\ServiceManagement
PUBLIC=C:\Users\Public
RoleDeploymentID=deployment25(0)
RoleInstanceID=deployment25(0).awesomeapp.WebRole1_IN_0
RoleName=WebRole1
RUNTIMEID=node;iisnode
RUNTIMEURL=
SystemDrive=C:
SystemRoot=C:\WINDOWS
SYSTEMTYPE=slate
ToastSettings={"collection":[{"SolutionName":"DirectAccess","SolutionStatus":false},{"SolutionName":"DirectAccess cannot connect","SolutionStatus":false},{"SolutionName":"Outlook Not Responding","SolutionStatus":false},{"SolutionName":"Outlook Multiple Process running","SolutionStatus":false},{"SolutionName":"Draft Email Protection","SolutionStatus":false},{"SolutionName":"Pending Reboot","SolutionStatus":false},{"SolutionName":"Password Reset","SolutionStatus":false},{"SolutionName":"Outlook Corrupted Credentials","SolutionStatus":false},{"SolutionName":"IE Recommended Settings","SolutionStatus":false},{"SolutionName":"Smart Card is not working","SolutionStatus":false},{"SolutionName":"Unable to connect to wireless LAN","SolutionStatus":false},{"SolutionName":"WiFi driver update","SolutionStatus":false},{"SolutionName":"Windows Update","SolutionStatus":false}]}
UATDATA=C:\WINDOWS\CCM\UATData\D9F8C395-CAB8-491d-B8AC-179A1FE1BE77
USERDOMAIN=MHSURFACE
USERDOMAIN_ROAMINGPROFILE=MHSURFACE
USERNAME=Martijn
USERPROFILE=C:\Users\Martijn
VS110COMNTOOLS=C:\Program Files (x86)\Microsoft Visual Studio 11.0\Common7\Tools\
VS120COMNTOOLS=C:\Program Files (x86)\Microsoft Visual Studio 12.0\Common7\Tools\
windir=C:\WINDOWS
_CSRUN_IISEXPRESS_VERSION=8.0
_DF_STATE_DIRECTORY=C:\Users\Martijn\AppData\Local\dftmp\
__IISCONFIGURATOR_SITE_CLEANUP_PREFIX_=deployment25(
RdRoleRoot=C:\dev\node\awesomeapp\local_package.csx\roles\WebRole1\
RoleRoot=C:\dev\node\awesomeapp\local_package.csx\roles\WebRole1
RdRoleId=deployment25(0).awesomeapp.WebRole1_IN_0
TEMP=C:\Users\Martijn\AppData\Local\dftmp\Resources\81a907e4-e525-47b3-8123-4d9aeb6499c9\temp\temp\RoleTemp
TMP=C:\Users\Martijn\AppData\Local\dftmp\Resources\81a907e4-e525-47b3-8123-4d9aeb6499c9\temp\temp\RoleTemp
PATH=C:\Program Files (x86)\PC Connectivity Solution\;C:\WINDOWS\system32;C:\WINDOWS;C:\WINDOWS\System32\Wbem;C:\WINDOWS\System32\WindowsPowerShell\v1.0\;C:\Program Files (x86)\Windows Kits\8.1\Windows Performance Toolkit\;C:\Program Files\Microsoft SQL Server\110\Tools\Binn\;C:\Program Files (x86)\Microsoft SDKs\TypeScript\1.0\;C:\Program Files\Microsoft SQL Server\120\Tools\Binn\;C:\Program Files\Java\jdk1.7.0_71\bin;C:\Users\Martijn\appdata\Local\Android\sdk\tools;C:\Users\Martijn\appdata\Local\Android\sdk\platform-tools;C:\Program Files (x86)\Windows Live\Shared;C:\Program Files\Microsoft\Web Platform Installer\;C:\Program Files (x86)\Microsoft SDKs\Azure\CLI\wbin;C:\Program Files (x86)\nodejs\;C:\Users\Martijn\AppData\Roaming\npm;C:\dev\node\awesomeapp\local_package.csx\roles\WebRole1\base\x64;C:\dev\node\awesomeapp\local_package.csx\roles\WebRole1\base\x86;
RdRoleConfigRootPath=C:\Users\Martijn\AppData\Local\dftmp\Config\
RdRoleResourcesRootPath=C:\Users\Martijn\AppData\Local\dftmp\Resources\81a907e4-e525-47b3-8123-4d9aeb6499c9
RdRoleLogRootPath=C:\Users\Martijn\AppData\Local\dftmp\Resources\81a907e4-e525-47b3-8123-4d9aeb6499c9
RdServerNamePipe=\\.\pipe\RdRuntimeServer
RdNamedPipeTimeoutInSeconds=30
__WaRuntimeAgent__=WA-Runtime-30f0110ce32cf68a634691efd283ac94

C:\dev\node\awesomeapp\local_package.csx\roles\WebRole1\approot\bin>echo Using iisnode binaries location 'C:\Program Files (x86)\iisnode-dev\release\x64' 
Using iisnode binaries location 'C:\Program Files (x86)\iisnode-dev\release\x64'

C:\dev\node\awesomeapp\local_package.csx\roles\WebRole1\approot\bin>echo installing iisnode module using AppCMD alias "C:\Program Files\IIS Express\appcmd.exe" /apphostconfig:"C:\Users\Martijn\AppData\Local\dftmp\Resources\81a907e4-e525-47b3-8123-4d9aeb6499c9\temp\temp\RoleTemp\applicationHost.config"  
installing iisnode module using AppCMD alias "C:\Program Files\IIS Express\appcmd.exe" /apphostconfig:"C:\Users\Martijn\AppData\Local\dftmp\Resources\81a907e4-e525-47b3-8123-4d9aeb6499c9\temp\temp\RoleTemp\applicationHost.config" 

C:\dev\node\awesomeapp\local_package.csx\roles\WebRole1\approot\bin>"C:\Program Files\IIS Express\appcmd.exe" /apphostconfig:"C:\Users\Martijn\AppData\Local\dftmp\Resources\81a907e4-e525-47b3-8123-4d9aeb6499c9\temp\temp\RoleTemp\applicationHost.config"  install module /name:"iisnode" /image:"C:\Program Files (x86)\iisnode-dev\release\x64\iisnode.dll" 
GLOBAL MODULE object "iisnode" added
MODULE object "iisnode" added

C:\dev\node\awesomeapp\local_package.csx\roles\WebRole1\approot\bin>set apphostconfigfile="C:\Users\Martijn\AppData\Local\dftmp\Resources\81a907e4-e525-47b3-8123-4d9aeb6499c9\temp\temp\RoleTemp\applicationHost.config"  

C:\dev\node\awesomeapp\local_package.csx\roles\WebRole1\approot\bin>powershell -c "set-executionpolicy unrestricted" 
set-executionpolicy : Windows PowerShell updated your execution policy 
successfully, but the setting is overridden by a policy defined at a more 
specific scope.  Due to the override, your shell will retain its current 
effective execution policy of RemoteSigned. Type "Get-ExecutionPolicy -List" 
to view your execution policy settings. For more information please see 
"Get-Help Set-ExecutionPolicy".
At line:1 char:1
+ set-executionpolicy unrestricted
+ ~~~~~~~~~~~~~~~~~~~~~~~~~~~~~~~~
    + CategoryInfo          : PermissionDenied: (:) [Set-ExecutionPolicy], Sec 
   urityException
    + FullyQualifiedErrorId : ExecutionPolicyOverride,Microsoft.PowerShell.Com 
   mands.SetExecutionPolicyCommand

C:\dev\node\awesomeapp\local_package.csx\roles\WebRole1\approot\bin>powershell .\ChangeConfig.ps1 "C:\Users\Martijn\AppData\Local\dftmp\Resources\81a907e4-e525-47b3-8123-4d9aeb6499c9\temp\temp\RoleTemp\applicationHost.config"  
Adding iisnode section to config file 'C:\Users\Martijn\AppData\Local\dftmp\Resources\81a907e4-e525-47b3-8123-4d9aeb6499c9\temp\temp\RoleTemp\applicationHost.config'

C:\dev\node\awesomeapp\local_package.csx\roles\WebRole1\approot\bin>if 0 NEQ 0 goto error 

C:\dev\node\awesomeapp\local_package.csx\roles\WebRole1\approot\bin>copy /y "C:\Program Files (x86)\iisnode-dev\release\x64\iisnode_schema.xml" "C:\Program Files\IIS Express\config\schema\iisnode_schema.xml" 
        1 file(s) copied.

C:\dev\node\awesomeapp\local_package.csx\roles\WebRole1\approot\bin>if 0 NEQ 0 goto error 

C:\dev\node\awesomeapp\local_package.csx\roles\WebRole1\approot\bin>exit /b 0 
